Anaconda3 2024.02
ERROR: Unable to locate a modulefile for 'CUDA/11.8'

EnvironmentNameNotFound: Could not find conda environment: hdrg
You can list all discoverable environments with `conda info --envs`.


2025-09-27 12:20:20.979434: E external/local_xla/xla/stream_executor/cuda/cuda_fft.cc:467] Unable to register cuFFT factory: Attempting to register factory for plugin cuFFT when one has already been registered
WARNING: All log messages before absl::InitializeLog() is called are written to STDERR
E0000 00:00:1758990021.921945  910696 cuda_dnn.cc:8579] Unable to register cuDNN factory: Attempting to register factory for plugin cuDNN when one has already been registered
E0000 00:00:1758990022.077847  910696 cuda_blas.cc:1407] Unable to register cuBLAS factory: Attempting to register factory for plugin cuBLAS when one has already been registered
W0000 00:00:1758990024.153672  910696 computation_placer.cc:177] computation placer already registered. Please check linkage and avoid linking the same target more than once.
W0000 00:00:1758990024.153738  910696 computation_placer.cc:177] computation placer already registered. Please check linkage and avoid linking the same target more than once.
W0000 00:00:1758990024.153746  910696 computation_placer.cc:177] computation placer already registered. Please check linkage and avoid linking the same target more than once.
W0000 00:00:1758990024.153751  910696 computation_placer.cc:177] computation placer already registered. Please check linkage and avoid linking the same target more than once.
2025-09-27 12:20:24.276704: I tensorflow/core/platform/cpu_feature_guard.cc:210] This TensorFlow binary is optimized to use available CPU instructions in performance-critical operations.
To enable the following instructions: AVX2 AVX512F FMA, in other operations, rebuild TensorFlow with the appropriate compiler flags.

A module that was compiled using NumPy 1.x cannot be run in
NumPy 2.2.6 as it may crash. To support both 1.x and 2.x
versions of NumPy, modules must be compiled with NumPy 2.0.
Some module may need to rebuild instead e.g. with 'pybind11>=2.12'.

If you are a user of the module, the easiest solution will be to
downgrade to 'numpy<2' or try to upgrade the affected module.
We expect that some modules will need time to support NumPy 2.

Traceback (most recent call last):  File "<string>", line 3, in <module>
  File "/hpc/home/yz814/.local/lib/python3.11/site-packages/tensorflow/__init__.py", line 468, in <module>
    importlib.import_module("keras.src.optimizers")
  File "/opt/apps/rhel9/Anaconda3-2024.02/lib/python3.11/importlib/__init__.py", line 126, in import_module
    return _bootstrap._gcd_import(name[level:], package, level)
  File "/hpc/home/yz814/.local/lib/python3.11/site-packages/keras/__init__.py", line 7, in <module>
    from keras import _tf_keras as _tf_keras
  File "/hpc/home/yz814/.local/lib/python3.11/site-packages/keras/_tf_keras/__init__.py", line 1, in <module>
    from keras._tf_keras import keras
  File "/hpc/home/yz814/.local/lib/python3.11/site-packages/keras/_tf_keras/keras/__init__.py", line 7, in <module>
    from keras import activations as activations
  File "/hpc/home/yz814/.local/lib/python3.11/site-packages/keras/activations/__init__.py", line 7, in <module>
    from keras.src.activations import deserialize as deserialize
  File "/hpc/home/yz814/.local/lib/python3.11/site-packages/keras/src/__init__.py", line 1, in <module>
    from keras.src import activations
  File "/hpc/home/yz814/.local/lib/python3.11/site-packages/keras/src/activations/__init__.py", line 34, in <module>
    from keras.src.saving import object_registration
  File "/hpc/home/yz814/.local/lib/python3.11/site-packages/keras/src/saving/__init__.py", line 7, in <module>
    from keras.src.saving.saving_api import load_model
  File "/hpc/home/yz814/.local/lib/python3.11/site-packages/keras/src/saving/saving_api.py", line 7, in <module>
    from keras.src.legacy.saving import legacy_h5_format
  File "/hpc/home/yz814/.local/lib/python3.11/site-packages/keras/src/legacy/saving/legacy_h5_format.py", line 13, in <module>
    from keras.src.legacy.saving import saving_utils
  File "/hpc/home/yz814/.local/lib/python3.11/site-packages/keras/src/legacy/saving/saving_utils.py", line 10, in <module>
    from keras.src import models
  File "/hpc/home/yz814/.local/lib/python3.11/site-packages/keras/src/models/__init__.py", line 1, in <module>
    from keras.src.models.functional import Functional
  File "/hpc/home/yz814/.local/lib/python3.11/site-packages/keras/src/models/functional.py", line 16, in <module>
    from keras.src.models.model import Model
  File "/hpc/home/yz814/.local/lib/python3.11/site-packages/keras/src/models/model.py", line 12, in <module>
    from keras.src.trainers import trainer as base_trainer
  File "/hpc/home/yz814/.local/lib/python3.11/site-packages/keras/src/trainers/trainer.py", line 14, in <module>
    from keras.src.trainers.data_adapters import data_adapter_utils
  File "/hpc/home/yz814/.local/lib/python3.11/site-packages/keras/src/trainers/data_adapters/__init__.py", line 4, in <module>
    from keras.src.trainers.data_adapters import array_data_adapter
  File "/hpc/home/yz814/.local/lib/python3.11/site-packages/keras/src/trainers/data_adapters/array_data_adapter.py", line 7, in <module>
    from keras.src.trainers.data_adapters import array_slicing
  File "/hpc/home/yz814/.local/lib/python3.11/site-packages/keras/src/trainers/data_adapters/array_slicing.py", line 12, in <module>
    import pandas
  File "/opt/apps/rhel9/Anaconda3-2024.02/lib/python3.11/site-packages/pandas/__init__.py", line 23, in <module>
    from pandas.compat import (
  File "/opt/apps/rhel9/Anaconda3-2024.02/lib/python3.11/site-packages/pandas/compat/__init__.py", line 27, in <module>
    from pandas.compat.pyarrow import (
  File "/opt/apps/rhel9/Anaconda3-2024.02/lib/python3.11/site-packages/pandas/compat/pyarrow.py", line 8, in <module>
    import pyarrow as pa
  File "/opt/apps/rhel9/Anaconda3-2024.02/lib/python3.11/site-packages/pyarrow/__init__.py", line 65, in <module>
    import pyarrow.lib as _lib
AttributeError: _ARRAY_API not found
Traceback (most recent call last):
  File "<string>", line 3, in <module>
  File "/hpc/home/yz814/.local/lib/python3.11/site-packages/tensorflow/__init__.py", line 468, in <module>
    importlib.import_module("keras.src.optimizers")
  File "/opt/apps/rhel9/Anaconda3-2024.02/lib/python3.11/importlib/__init__.py", line 126, in import_module
    return _bootstrap._gcd_import(name[level:], package, level)
           ^^^^^^^^^^^^^^^^^^^^^^^^^^^^^^^^^^^^^^^^^^^^^^^^^^^^
  File "/hpc/home/yz814/.local/lib/python3.11/site-packages/keras/__init__.py", line 7, in <module>
    from keras import _tf_keras as _tf_keras
  File "/hpc/home/yz814/.local/lib/python3.11/site-packages/keras/_tf_keras/__init__.py", line 1, in <module>
    from keras._tf_keras import keras
  File "/hpc/home/yz814/.local/lib/python3.11/site-packages/keras/_tf_keras/keras/__init__.py", line 7, in <module>
    from keras import activations as activations
  File "/hpc/home/yz814/.local/lib/python3.11/site-packages/keras/activations/__init__.py", line 7, in <module>
    from keras.src.activations import deserialize as deserialize
  File "/hpc/home/yz814/.local/lib/python3.11/site-packages/keras/src/__init__.py", line 1, in <module>
    from keras.src import activations
  File "/hpc/home/yz814/.local/lib/python3.11/site-packages/keras/src/activations/__init__.py", line 34, in <module>
    from keras.src.saving import object_registration
  File "/hpc/home/yz814/.local/lib/python3.11/site-packages/keras/src/saving/__init__.py", line 7, in <module>
    from keras.src.saving.saving_api import load_model
  File "/hpc/home/yz814/.local/lib/python3.11/site-packages/keras/src/saving/saving_api.py", line 7, in <module>
    from keras.src.legacy.saving import legacy_h5_format
  File "/hpc/home/yz814/.local/lib/python3.11/site-packages/keras/src/legacy/saving/legacy_h5_format.py", line 13, in <module>
    from keras.src.legacy.saving import saving_utils
  File "/hpc/home/yz814/.local/lib/python3.11/site-packages/keras/src/legacy/saving/saving_utils.py", line 10, in <module>
    from keras.src import models
  File "/hpc/home/yz814/.local/lib/python3.11/site-packages/keras/src/models/__init__.py", line 1, in <module>
    from keras.src.models.functional import Functional
  File "/hpc/home/yz814/.local/lib/python3.11/site-packages/keras/src/models/functional.py", line 16, in <module>
    from keras.src.models.model import Model
  File "/hpc/home/yz814/.local/lib/python3.11/site-packages/keras/src/models/model.py", line 12, in <module>
    from keras.src.trainers import trainer as base_trainer
  File "/hpc/home/yz814/.local/lib/python3.11/site-packages/keras/src/trainers/trainer.py", line 14, in <module>
    from keras.src.trainers.data_adapters import data_adapter_utils
  File "/hpc/home/yz814/.local/lib/python3.11/site-packages/keras/src/trainers/data_adapters/__init__.py", line 4, in <module>
    from keras.src.trainers.data_adapters import array_data_adapter
  File "/hpc/home/yz814/.local/lib/python3.11/site-packages/keras/src/trainers/data_adapters/array_data_adapter.py", line 7, in <module>
    from keras.src.trainers.data_adapters import array_slicing
  File "/hpc/home/yz814/.local/lib/python3.11/site-packages/keras/src/trainers/data_adapters/array_slicing.py", line 12, in <module>
    import pandas
  File "/opt/apps/rhel9/Anaconda3-2024.02/lib/python3.11/site-packages/pandas/__init__.py", line 46, in <module>
    from pandas.core.api import (
  File "/opt/apps/rhel9/Anaconda3-2024.02/lib/python3.11/site-packages/pandas/core/api.py", line 1, in <module>
    from pandas._libs import (
  File "/opt/apps/rhel9/Anaconda3-2024.02/lib/python3.11/site-packages/pandas/_libs/__init__.py", line 18, in <module>
    from pandas._libs.interval import Interval
  File "interval.pyx", line 1, in init pandas._libs.interval
ValueError: numpy.dtype size changed, may indicate binary incompatibility. Expected 96 from C header, got 88 from PyObject
Traceback (most recent call last):
  File "/hpc/group/yizhanglab/yz814/hdrg-adaptive-stardist/scripts/train_adaptive_stardist.py", line 8, in <module>
    from skimage import io
  File "/opt/apps/rhel9/Anaconda3-2024.02/lib/python3.11/site-packages/skimage/__init__.py", line 122, in <module>
    from ._shared import geometry
  File "geometry.pyx", line 1, in init skimage._shared.geometry
ValueError: numpy.dtype size changed, may indicate binary incompatibility. Expected 96 from C header, got 88 from PyObject
